[    2069ms] [WARNING] Unrecognized feature: 'ambient-light-sensor'. @ https://huggingface.co/spaces/adyen/DABstep:104
[    2069ms] [WARNING] Unrecognized feature: 'battery'. @ https://huggingface.co/spaces/adyen/DABstep:104
[    2069ms] [WARNING] Unrecognized feature: 'document-domain'. @ https://huggingface.co/spaces/adyen/DABstep:104
[    2069ms] [WARNING] Unrecognized feature: 'layout-animations'. @ https://huggingface.co/spaces/adyen/DABstep:104
[    2069ms] [WARNING] Unrecognized feature: 'legacy-image-formats'. @ https://huggingface.co/spaces/adyen/DABstep:104
[    2069ms] [WARNING] Unrecognized feature: 'oversized-images'. @ https://huggingface.co/spaces/adyen/DABstep:104
[    2069ms] [WARNING] Unrecognized feature: 'vr'. @ https://huggingface.co/spaces/adyen/DABstep:104
[    2069ms] [WARNING] Unrecognized feature: 'wake-lock'. @ https://huggingface.co/spaces/adyen/DABstep:104
[   11759ms] [INFO] Slow network is detected. See https://www.chromestatus.com/feature/5636954674692096 for more details. Fallback font will be used while loading: https://adyen-dabstep.hf.space/static/fonts/IBMPlexMono/IBMPlexMono-Regular.woff2 @ :2752
[   14884ms] [INFO] Slow network is detected. See https://www.chromestatus.com/feature/5636954674692096 for more details. Fallback font will be used while loading: https://adyen-dabstep.hf.space/static/fonts/IBMPlexMono/IBMPlexMono-Bold.woff2 @ https://adyen-dabstep.hf.space/_app/immutable/chunks/BSAd-rQV.js:358
[18838148ms] [ERROR] Failed to load resource: net::ERR_HTTP2_PROTOCOL_ERROR @ https://huggingface.co/api/spaces/adyen/DABstep/metrics:0
[18838156ms] [ERROR] Failed to fetch Space status via SSE: network error @ https://huggingface.co/front/build/kube-fee5a5c/SpaceHeader-BQGidv2n.js:10
[18838160ms] [ERROR] SSE Stream ended with error: TypeError: network error @ https://huggingface.co/front/build/kube-fee5a5c/SSEUtils-u2Vk31jK.js:0
[18838164ms] [ERROR] Failed to load resource: net::ERR_HTTP2_PROTOCOL_ERROR @ https://huggingface.co/api/spaces/adyen/DABstep/events?session_uuid=Dcm9qcNSAfK93TV00c7z3:0
[18838165ms] [ERROR] Failed to fetch Space status via SSE: network error @ https://huggingface.co/front/build/kube-fee5a5c/SpaceHeader-BQGidv2n.js:52
[18838165ms] [ERROR] SSE Stream ended with error: TypeError: network error @ https://huggingface.co/front/build/kube-fee5a5c/SSEUtils-u2Vk31jK.js:0
[30860436ms] [ERROR] Failed to load resource: net::ERR_INTERNET_DISCONNECTED @ https://de5282c3ca0c.edge.sdk.awswaf.com/de5282c3ca0c/526cf06acb0d/inputs?client=browser:0
[30860443ms] [ERROR] Failed to load resource: net::ERR_INTERNET_DISCONNECTED @ https://de5282c3ca0c.edge.sdk.awswaf.com/de5282c3ca0c/526cf06acb0d/report:0
[30860444ms] [ERROR] Failed to load resource: net::ERR_INTERNET_DISCONNECTED @ https://de5282c3ca0c.edge.sdk.awswaf.com/de5282c3ca0c/526cf06acb0d/report:0
[31252585ms] [ERROR] Failed to load resource: net::ERR_INTERNET_DISCONNECTED @ https://de5282c3ca0c.edge.sdk.awswaf.com/de5282c3ca0c/526cf06acb0d/inputs?client=browser:0
[31252588ms] [ERROR] Failed to load resource: net::ERR_INTERNET_DISCONNECTED @ https://de5282c3ca0c.edge.sdk.awswaf.com/de5282c3ca0c/526cf06acb0d/report:0
[31252588ms] [ERROR] Failed to load resource: net::ERR_INTERNET_DISCONNECTED @ https://de5282c3ca0c.edge.sdk.awswaf.com/de5282c3ca0c/526cf06acb0d/report:0
[31457520ms] [ERROR] Failed to load resource: net::ERR_INTERNET_DISCONNECTED @ https://de5282c3ca0c.edge.sdk.awswaf.com/de5282c3ca0c/526cf06acb0d/inputs?client=browser:0
[31457523ms] [ERROR] Failed to load resource: net::ERR_INTERNET_DISCONNECTED @ https://de5282c3ca0c.edge.sdk.awswaf.com/de5282c3ca0c/526cf06acb0d/report:0
[31457523ms] [ERROR] Failed to load resource: net::ERR_INTERNET_DISCONNECTED @ https://de5282c3ca0c.edge.sdk.awswaf.com/de5282c3ca0c/526cf06acb0d/report:0
[31707022ms] [ERROR] Failed to load resource: net::ERR_INTERNET_DISCONNECTED @ https://de5282c3ca0c.edge.sdk.awswaf.com/de5282c3ca0c/526cf06acb0d/inputs?client=browser:0
[31707024ms] [ERROR] Failed to load resource: net::ERR_INTERNET_DISCONNECTED @ https://de5282c3ca0c.edge.sdk.awswaf.com/de5282c3ca0c/526cf06acb0d/report:0
[31707024ms] [ERROR] Failed to load resource: net::ERR_INTERNET_DISCONNECTED @ https://de5282c3ca0c.edge.sdk.awswaf.com/de5282c3ca0c/526cf06acb0d/report:0
[32304107ms] [ERROR] Failed to load resource: net::ERR_INTERNET_DISCONNECTED @ https://de5282c3ca0c.edge.sdk.awswaf.com/de5282c3ca0c/526cf06acb0d/inputs?client=browser:0
[32304111ms] [ERROR] Failed to load resource: net::ERR_INTERNET_DISCONNECTED @ https://de5282c3ca0c.edge.sdk.awswaf.com/de5282c3ca0c/526cf06acb0d/report:0
[32304112ms] [ERROR] Failed to load resource: net::ERR_INTERNET_DISCONNECTED @ https://de5282c3ca0c.edge.sdk.awswaf.com/de5282c3ca0c/526cf06acb0d/report:0
[32553384ms] [ERROR] Failed to load resource: net::ERR_INTERNET_DISCONNECTED @ https://de5282c3ca0c.edge.sdk.awswaf.com/de5282c3ca0c/526cf06acb0d/inputs?client=browser:0
[32553388ms] [ERROR] Failed to load resource: net::ERR_INTERNET_DISCONNECTED @ https://de5282c3ca0c.edge.sdk.awswaf.com/de5282c3ca0c/526cf06acb0d/report:0
[32553390ms] [ERROR] Failed to load resource: net::ERR_INTERNET_DISCONNECTED @ https://de5282c3ca0c.edge.sdk.awswaf.com/de5282c3ca0c/526cf06acb0d/report:0
[32747175ms] [ERROR] Failed to load resource: net::ERR_INTERNET_DISCONNECTED @ https://de5282c3ca0c.edge.sdk.awswaf.com/de5282c3ca0c/526cf06acb0d/inputs?client=browser:0
[32747178ms] [ERROR] Failed to load resource: net::ERR_INTERNET_DISCONNECTED @ https://de5282c3ca0c.edge.sdk.awswaf.com/de5282c3ca0c/526cf06acb0d/report:0
[32747178ms] [ERROR] Failed to load resource: net::ERR_INTERNET_DISCONNECTED @ https://de5282c3ca0c.edge.sdk.awswaf.com/de5282c3ca0c/526cf06acb0d/report:0
[32929856ms] [ERROR] Failed to load resource: net::ERR_INTERNET_DISCONNECTED @ https://de5282c3ca0c.edge.sdk.awswaf.com/de5282c3ca0c/526cf06acb0d/inputs?client=browser:0
[32929859ms] [ERROR] Failed to load resource: net::ERR_INTERNET_DISCONNECTED @ https://de5282c3ca0c.edge.sdk.awswaf.com/de5282c3ca0c/526cf06acb0d/report:0
[32929859ms] [ERROR] Failed to load resource: net::ERR_INTERNET_DISCONNECTED @ https://de5282c3ca0c.edge.sdk.awswaf.com/de5282c3ca0c/526cf06acb0d/report:0
[33108250ms] [ERROR] Failed to load resource: net::ERR_INTERNET_DISCONNECTED @ https://de5282c3ca0c.edge.sdk.awswaf.com/de5282c3ca0c/526cf06acb0d/inputs?client=browser:0
[33108253ms] [ERROR] Failed to load resource: net::ERR_INTERNET_DISCONNECTED @ https://de5282c3ca0c.edge.sdk.awswaf.com/de5282c3ca0c/526cf06acb0d/report:0
[33108254ms] [ERROR] Failed to load resource: net::ERR_INTERNET_DISCONNECTED @ https://de5282c3ca0c.edge.sdk.awswaf.com/de5282c3ca0c/526cf06acb0d/report:0
[33308717ms] [ERROR] Failed to load resource: net::ERR_INTERNET_DISCONNECTED @ https://de5282c3ca0c.edge.sdk.awswaf.com/de5282c3ca0c/526cf06acb0d/inputs?client=browser:0
[33308719ms] [ERROR] Failed to load resource: net::ERR_INTERNET_DISCONNECTED @ https://de5282c3ca0c.edge.sdk.awswaf.com/de5282c3ca0c/526cf06acb0d/report:0
[33308720ms] [ERROR] Failed to load resource: net::ERR_INTERNET_DISCONNECTED @ https://de5282c3ca0c.edge.sdk.awswaf.com/de5282c3ca0c/526cf06acb0d/report:0
[33521878ms] [ERROR] Failed to load resource: net::ERR_INTERNET_DISCONNECTED @ https://de5282c3ca0c.edge.sdk.awswaf.com/de5282c3ca0c/526cf06acb0d/inputs?client=browser:0
[33521881ms] [ERROR] Failed to load resource: net::ERR_INTERNET_DISCONNECTED @ https://de5282c3ca0c.edge.sdk.awswaf.com/de5282c3ca0c/526cf06acb0d/report:0
[33521882ms] [ERROR] Failed to load resource: net::ERR_INTERNET_DISCONNECTED @ https://de5282c3ca0c.edge.sdk.awswaf.com/de5282c3ca0c/526cf06acb0d/report:0
[33709932ms] [ERROR] Failed to load resource: net::ERR_INTERNET_DISCONNECTED @ https://de5282c3ca0c.edge.sdk.awswaf.com/de5282c3ca0c/526cf06acb0d/inputs?client=browser:0
[33709934ms] [ERROR] Failed to load resource: net::ERR_INTERNET_DISCONNECTED @ https://de5282c3ca0c.edge.sdk.awswaf.com/de5282c3ca0c/526cf06acb0d/report:0
[33709934ms] [ERROR] Failed to load resource: net::ERR_INTERNET_DISCONNECTED @ https://de5282c3ca0c.edge.sdk.awswaf.com/de5282c3ca0c/526cf06acb0d/report:0
[33920920ms] [ERROR] Failed to load resource: net::ERR_INTERNET_DISCONNECTED @ https://de5282c3ca0c.edge.sdk.awswaf.com/de5282c3ca0c/526cf06acb0d/inputs?client=browser:0
[33920923ms] [ERROR] Failed to load resource: net::ERR_INTERNET_DISCONNECTED @ https://de5282c3ca0c.edge.sdk.awswaf.com/de5282c3ca0c/526cf06acb0d/report:0
[33920924ms] [ERROR] Failed to load resource: net::ERR_INTERNET_DISCONNECTED @ https://de5282c3ca0c.edge.sdk.awswaf.com/de5282c3ca0c/526cf06acb0d/report:0
[34139999ms] [ERROR] Failed to load resource: net::ERR_INTERNET_DISCONNECTED @ https://de5282c3ca0c.edge.sdk.awswaf.com/de5282c3ca0c/526cf06acb0d/inputs?client=browser:0
[34140002ms] [ERROR] Failed to load resource: net::ERR_INTERNET_DISCONNECTED @ https://de5282c3ca0c.edge.sdk.awswaf.com/de5282c3ca0c/526cf06acb0d/report:0
[34140003ms] [ERROR] Failed to load resource: net::ERR_INTERNET_DISCONNECTED @ https://de5282c3ca0c.edge.sdk.awswaf.com/de5282c3ca0c/526cf06acb0d/report:0
[34339883ms] [ERROR] Failed to load resource: net::ERR_INTERNET_DISCONNECTED @ https://de5282c3ca0c.edge.sdk.awswaf.com/de5282c3ca0c/526cf06acb0d/inputs?client=browser:0
[34339885ms] [ERROR] Failed to load resource: net::ERR_INTERNET_DISCONNECTED @ https://de5282c3ca0c.edge.sdk.awswaf.com/de5282c3ca0c/526cf06acb0d/report:0
[34339886ms] [ERROR] Failed to load resource: net::ERR_INTERNET_DISCONNECTED @ https://de5282c3ca0c.edge.sdk.awswaf.com/de5282c3ca0c/526cf06acb0d/report:0
[34527515ms] [ERROR] Failed to load resource: net::ERR_INTERNET_DISCONNECTED @ https://de5282c3ca0c.edge.sdk.awswaf.com/de5282c3ca0c/526cf06acb0d/inputs?client=browser:0
[34527519ms] [ERROR] Failed to load resource: net::ERR_INTERNET_DISCONNECTED @ https://de5282c3ca0c.edge.sdk.awswaf.com/de5282c3ca0c/526cf06acb0d/report:0
[34527520ms] [ERROR] Failed to load resource: net::ERR_INTERNET_DISCONNECTED @ https://de5282c3ca0c.edge.sdk.awswaf.com/de5282c3ca0c/526cf06acb0d/report:0
[34813605ms] [ERROR] Failed to load resource: net::ERR_INTERNET_DISCONNECTED @ https://de5282c3ca0c.edge.sdk.awswaf.com/de5282c3ca0c/526cf06acb0d/inputs?client=browser:0
[34813608ms] [ERROR] Failed to load resource: net::ERR_INTERNET_DISCONNECTED @ https://de5282c3ca0c.edge.sdk.awswaf.com/de5282c3ca0c/526cf06acb0d/report:0
[34813608ms] [ERROR] Failed to load resource: net::ERR_INTERNET_DISCONNECTED @ https://de5282c3ca0c.edge.sdk.awswaf.com/de5282c3ca0c/526cf06acb0d/report:0
[35106221ms] [ERROR] Failed to load resource: net::ERR_INTERNET_DISCONNECTED @ https://de5282c3ca0c.edge.sdk.awswaf.com/de5282c3ca0c/526cf06acb0d/inputs?client=browser:0
[35106224ms] [ERROR] Failed to load resource: net::ERR_INTERNET_DISCONNECTED @ https://de5282c3ca0c.edge.sdk.awswaf.com/de5282c3ca0c/526cf06acb0d/report:0
[35106224ms] [ERROR] Failed to load resource: net::ERR_INTERNET_DISCONNECTED @ https://de5282c3ca0c.edge.sdk.awswaf.com/de5282c3ca0c/526cf06acb0d/report:0
[35404210ms] [ERROR] Failed to load resource: net::ERR_INTERNET_DISCONNECTED @ https://de5282c3ca0c.edge.sdk.awswaf.com/de5282c3ca0c/526cf06acb0d/inputs?client=browser:0
[35404213ms] [ERROR] Failed to load resource: net::ERR_INTERNET_DISCONNECTED @ https://de5282c3ca0c.edge.sdk.awswaf.com/de5282c3ca0c/526cf06acb0d/report:0
[35404213ms] [ERROR] Failed to load resource: net::ERR_INTERNET_DISCONNECTED @ https://de5282c3ca0c.edge.sdk.awswaf.com/de5282c3ca0c/526cf06acb0d/report:0
[35650234ms] [ERROR] Failed to load resource: net::ERR_INTERNET_DISCONNECTED @ https://de5282c3ca0c.edge.sdk.awswaf.com/de5282c3ca0c/526cf06acb0d/inputs?client=browser:0
[35650236ms] [ERROR] Failed to load resource: net::ERR_INTERNET_DISCONNECTED @ https://de5282c3ca0c.edge.sdk.awswaf.com/de5282c3ca0c/526cf06acb0d/report:0
[35650236ms] [ERROR] Failed to load resource: net::ERR_INTERNET_DISCONNECTED @ https://de5282c3ca0c.edge.sdk.awswaf.com/de5282c3ca0c/526cf06acb0d/report:0
[100638432ms] [ERROR] Failed to load resource: net::ERR_PROXY_CONNECTION_FAILED @ https://de5282c3ca0c.edge.sdk.awswaf.com/de5282c3ca0c/526cf06acb0d/inputs?client=browser:0
[100638439ms] [ERROR] Failed to load resource: net::ERR_PROXY_CONNECTION_FAILED @ https://de5282c3ca0c.edge.sdk.awswaf.com/de5282c3ca0c/526cf06acb0d/report:0
[100638439ms] [ERROR] Failed to load resource: net::ERR_PROXY_CONNECTION_FAILED @ https://de5282c3ca0c.edge.sdk.awswaf.com/de5282c3ca0c/526cf06acb0d/report:0
[100808406ms] [ERROR] Failed to load resource: net::ERR_PROXY_CONNECTION_FAILED @ https://de5282c3ca0c.edge.sdk.awswaf.com/de5282c3ca0c/526cf06acb0d/inputs?client=browser:0
[100808408ms] [ERROR] Failed to load resource: net::ERR_PROXY_CONNECTION_FAILED @ https://de5282c3ca0c.edge.sdk.awswaf.com/de5282c3ca0c/526cf06acb0d/report:0
[100808408ms] [ERROR] Failed to load resource: net::ERR_PROXY_CONNECTION_FAILED @ https://de5282c3ca0c.edge.sdk.awswaf.com/de5282c3ca0c/526cf06acb0d/report:0
